Archive member included because of file (symbol)

e:/iti/01-avr/imt_sdk_win_64/winavr/bin/../lib/gcc/avr/4.3.3/avr5\libgcc.a(_udivmodhi4.o)
                              ./HAL/SERVO/SERVO_program.o (__udivmodhi4)
e:/iti/01-avr/imt_sdk_win_64/winavr/bin/../lib/gcc/avr/4.3.3/avr5\libgcc.a(_udivmodsi4.o)
                              ./MCAL/UART/UART_program.o (__udivmodsi4)
e:/iti/01-avr/imt_sdk_win_64/winavr/bin/../lib/gcc/avr/4.3.3/avr5\libgcc.a(_exit.o)
                              e:/iti/01-avr/imt_sdk_win_64/winavr/bin/../lib/gcc/avr/4.3.3/../../../../avr/lib/avr5/crtm32.o (exit)
e:/iti/01-avr/imt_sdk_win_64/winavr/bin/../lib/gcc/avr/4.3.3/avr5\libgcc.a(_copy_data.o)
                              ./HAL/SERVO/SERVO_program.o (__do_copy_data)
e:/iti/01-avr/imt_sdk_win_64/winavr/bin/../lib/gcc/avr/4.3.3/avr5\libgcc.a(_clear_bss.o)
                              ./MCAL/UART/UART_program.o (__do_clear_bss)
e:/iti/01-avr/imt_sdk_win_64/winavr/bin/../lib/gcc/avr/4.3.3/avr5\libgcc.a(_ashldi3.o)
                              ./HAL/LCD/LCD_program.o (__ashldi3)
e:/iti/01-avr/imt_sdk_win_64/winavr/bin/../lib/gcc/avr/4.3.3/avr5\libgcc.a(_fixunssfsi.o)
                              ./MCAL/UART/UART_program.o (__fixunssfsi)
e:/iti/01-avr/imt_sdk_win_64/winavr/bin/../lib/gcc/avr/4.3.3/avr5\libgcc.a(_udivdi3.o)
                              ./HAL/LCD/LCD_program.o (__udivdi3)
e:/iti/01-avr/imt_sdk_win_64/winavr/bin/../lib/gcc/avr/4.3.3/avr5\libgcc.a(_umoddi3.o)
                              ./HAL/LCD/LCD_program.o (__umoddi3)
e:/iti/01-avr/imt_sdk_win_64/winavr/bin/../lib/gcc/avr/4.3.3/avr5\libgcc.a(_addsub_sf.o)
                              e:/iti/01-avr/imt_sdk_win_64/winavr/bin/../lib/gcc/avr/4.3.3/avr5\libgcc.a(_fixunssfsi.o) (__subsf3)
e:/iti/01-avr/imt_sdk_win_64/winavr/bin/../lib/gcc/avr/4.3.3/avr5\libgcc.a(_mul_sf.o)
                              ./MCAL/UART/UART_program.o (__mulsf3)
e:/iti/01-avr/imt_sdk_win_64/winavr/bin/../lib/gcc/avr/4.3.3/avr5\libgcc.a(_div_sf.o)
                              ./HAL/LCD/LCD_program.o (__divsf3)
e:/iti/01-avr/imt_sdk_win_64/winavr/bin/../lib/gcc/avr/4.3.3/avr5\libgcc.a(_gt_sf.o)
                              ./MCAL/UART/UART_program.o (__gtsf2)
e:/iti/01-avr/imt_sdk_win_64/winavr/bin/../lib/gcc/avr/4.3.3/avr5\libgcc.a(_ge_sf.o)
                              e:/iti/01-avr/imt_sdk_win_64/winavr/bin/../lib/gcc/avr/4.3.3/avr5\libgcc.a(_fixunssfsi.o) (__gesf2)
e:/iti/01-avr/imt_sdk_win_64/winavr/bin/../lib/gcc/avr/4.3.3/avr5\libgcc.a(_lt_sf.o)
                              ./MCAL/UART/UART_program.o (__ltsf2)
e:/iti/01-avr/imt_sdk_win_64/winavr/bin/../lib/gcc/avr/4.3.3/avr5\libgcc.a(_sf_to_si.o)
                              e:/iti/01-avr/imt_sdk_win_64/winavr/bin/../lib/gcc/avr/4.3.3/avr5\libgcc.a(_fixunssfsi.o) (__fixsfsi)
e:/iti/01-avr/imt_sdk_win_64/winavr/bin/../lib/gcc/avr/4.3.3/avr5\libgcc.a(_thenan_sf.o)
                              e:/iti/01-avr/imt_sdk_win_64/winavr/bin/../lib/gcc/avr/4.3.3/avr5\libgcc.a(_addsub_sf.o) (__thenan_sf)
e:/iti/01-avr/imt_sdk_win_64/winavr/bin/../lib/gcc/avr/4.3.3/avr5\libgcc.a(_mulsi3.o)
                              e:/iti/01-avr/imt_sdk_win_64/winavr/bin/../lib/gcc/avr/4.3.3/avr5\libgcc.a(_udivdi3.o) (__mulsi3)
e:/iti/01-avr/imt_sdk_win_64/winavr/bin/../lib/gcc/avr/4.3.3/avr5\libgcc.a(_prologue.o)
                              e:/iti/01-avr/imt_sdk_win_64/winavr/bin/../lib/gcc/avr/4.3.3/avr5\libgcc.a(_udivdi3.o) (__prologue_saves__)
e:/iti/01-avr/imt_sdk_win_64/winavr/bin/../lib/gcc/avr/4.3.3/avr5\libgcc.a(_epilogue.o)
                              e:/iti/01-avr/imt_sdk_win_64/winavr/bin/../lib/gcc/avr/4.3.3/avr5\libgcc.a(_udivdi3.o) (__epilogue_restores__)
e:/iti/01-avr/imt_sdk_win_64/winavr/bin/../lib/gcc/avr/4.3.3/avr5\libgcc.a(_clz.o)
                              e:/iti/01-avr/imt_sdk_win_64/winavr/bin/../lib/gcc/avr/4.3.3/avr5\libgcc.a(_udivdi3.o) (__clz_tab)
e:/iti/01-avr/imt_sdk_win_64/winavr/bin/../lib/gcc/avr/4.3.3/avr5\libgcc.a(_pack_sf.o)
                              e:/iti/01-avr/imt_sdk_win_64/winavr/bin/../lib/gcc/avr/4.3.3/avr5\libgcc.a(_addsub_sf.o) (__pack_f)
e:/iti/01-avr/imt_sdk_win_64/winavr/bin/../lib/gcc/avr/4.3.3/avr5\libgcc.a(_unpack_sf.o)
                              e:/iti/01-avr/imt_sdk_win_64/winavr/bin/../lib/gcc/avr/4.3.3/avr5\libgcc.a(_addsub_sf.o) (__unpack_f)
e:/iti/01-avr/imt_sdk_win_64/winavr/bin/../lib/gcc/avr/4.3.3/avr5\libgcc.a(_fpcmp_parts_sf.o)
                              e:/iti/01-avr/imt_sdk_win_64/winavr/bin/../lib/gcc/avr/4.3.3/avr5\libgcc.a(_gt_sf.o) (__fpcmp_parts_f)

Allocating common symbols
Common symbol       size              file

local_state         0x1               ./APP/APP_program.o

Memory Configuration

Name             Origin             Length             Attributes
text             0x00000000         0x00020000         xr
data             0x00800060         0x0000ffa0         rw !x
eeprom           0x00810000         0x00010000         rw !x
fuse             0x00820000         0x00000400         rw !x
lock             0x00830000         0x00000400         rw !x
signature        0x00840000         0x00000400         rw !x
*default*        0x00000000         0xffffffff

Linker script and memory map

LOAD e:/iti/01-avr/imt_sdk_win_64/winavr/bin/../lib/gcc/avr/4.3.3/../../../../avr/lib/avr5/crtm32.o
LOAD ./MCAL/UART/UART_program.o
LOAD ./MCAL/TIMER/TIMER_program.o
LOAD ./MCAL/GIE/GIE_program.o
LOAD ./MCAL/DIO/DIO_program.o
LOAD ./MCAL/ADC/ADC_program.o
LOAD ./HAL/SERVO/SERVO_program.o
LOAD ./HAL/LCD/LCD_program.o
LOAD ./APP/APP_program.o
LOAD ./main.o
LOAD e:/iti/01-avr/imt_sdk_win_64/winavr/bin/../lib/gcc/avr/4.3.3/avr5\libgcc.a
LOAD e:/iti/01-avr/imt_sdk_win_64/winavr/bin/../lib/gcc/avr/4.3.3/../../../../avr/lib/avr5\libc.a
LOAD e:/iti/01-avr/imt_sdk_win_64/winavr/bin/../lib/gcc/avr/4.3.3/avr5\libgcc.a

.hash
 *(.hash)

.dynsym
 *(.dynsym)

.dynstr
 *(.dynstr)

.gnu.version
 *(.gnu.version)

.gnu.version_d
 *(.gnu.version_d)

.gnu.version_r
 *(.gnu.version_r)

.rel.init
 *(.rel.init)

.rela.init
 *(.rela.init)

.rel.text
 *(.rel.text)
 *(.rel.text.*)
 *(.rel.gnu.linkonce.t*)

.rela.text
 *(.rela.text)
 *(.rela.text.*)
 *(.rela.gnu.linkonce.t*)

.rel.fini
 *(.rel.fini)

.rela.fini
 *(.rela.fini)

.rel.rodata
 *(.rel.rodata)
 *(.rel.rodata.*)
 *(.rel.gnu.linkonce.r*)

.rela.rodata
 *(.rela.rodata)
 *(.rela.rodata.*)
 *(.rela.gnu.linkonce.r*)

.rel.data
 *(.rel.data)
 *(.rel.data.*)
 *(.rel.gnu.linkonce.d*)

.rela.data
 *(.rela.data)
 *(.rela.data.*)
 *(.rela.gnu.linkonce.d*)

.rel.ctors
 *(.rel.ctors)

.rela.ctors
 *(.rela.ctors)

.rel.dtors
 *(.rel.dtors)

.rela.dtors
 *(.rela.dtors)

.rel.got
 *(.rel.got)

.rela.got
 *(.rela.got)

.rel.bss
 *(.rel.bss)

.rela.bss
 *(.rela.bss)

.rel.plt
 *(.rel.plt)

.rela.plt
 *(.rela.plt)

.text           0x00000000     0x67b2
 *(.vectors)
 .vectors       0x00000000       0x54 e:/iti/01-avr/imt_sdk_win_64/winavr/bin/../lib/gcc/avr/4.3.3/../../../../avr/lib/avr5/crtm32.o
                0x00000000                __vectors
                0x00000000                __vector_default
 *(.vectors)
 *(.progmem.gcc*)
 *(.progmem*)
                0x00000054                . = ALIGN (0x2)
                0x00000054                __trampolines_start = .
 *(.trampolines)
 .trampolines   0x00000054        0x0 linker stubs
 *(.trampolines*)
                0x00000054                __trampolines_end = .
 *(.jumptables)
 *(.jumptables*)
 *(.lowtext)
 *(.lowtext*)
                0x00000054                __ctors_start = .
 *(.ctors)
                0x00000054                __ctors_end = .
                0x00000054                __dtors_start = .
 *(.dtors)
                0x00000054                __dtors_end = .
 SORT(*)(.ctors)
 SORT(*)(.dtors)
 *(.init0)
 .init0         0x00000054        0x0 e:/iti/01-avr/imt_sdk_win_64/winavr/bin/../lib/gcc/avr/4.3.3/../../../../avr/lib/avr5/crtm32.o
                0x00000054                __init
 *(.init0)
 *(.init1)
 *(.init1)
 *(.init2)
 .init2         0x00000054        0xc e:/iti/01-avr/imt_sdk_win_64/winavr/bin/../lib/gcc/avr/4.3.3/../../../../avr/lib/avr5/crtm32.o
 *(.init2)
 *(.init3)
 *(.init3)
 *(.init4)
 .init4         0x00000060       0x16 e:/iti/01-avr/imt_sdk_win_64/winavr/bin/../lib/gcc/avr/4.3.3/avr5\libgcc.a(_copy_data.o)
                0x00000060                __do_copy_data
 .init4         0x00000076       0x10 e:/iti/01-avr/imt_sdk_win_64/winavr/bin/../lib/gcc/avr/4.3.3/avr5\libgcc.a(_clear_bss.o)
                0x00000076                __do_clear_bss
 *(.init4)
 *(.init5)
 *(.init5)
 *(.init6)
 *(.init6)
 *(.init7)
 *(.init7)
 *(.init8)
 *(.init8)
 *(.init9)
 .init9         0x00000086        0x8 e:/iti/01-avr/imt_sdk_win_64/winavr/bin/../lib/gcc/avr/4.3.3/../../../../avr/lib/avr5/crtm32.o
 *(.init9)
 *(.text)
 .text          0x0000008e        0x4 e:/iti/01-avr/imt_sdk_win_64/winavr/bin/../lib/gcc/avr/4.3.3/../../../../avr/lib/avr5/crtm32.o
                0x0000008e                __vector_1
                0x0000008e                __vector_12
                0x0000008e                __bad_interrupt
                0x0000008e                __vector_6
                0x0000008e                __vector_3
                0x0000008e                __vector_17
                0x0000008e                __vector_19
                0x0000008e                __vector_7
                0x0000008e                __vector_5
                0x0000008e                __vector_4
                0x0000008e                __vector_9
                0x0000008e                __vector_2
                0x0000008e                __vector_15
                0x0000008e                __vector_8
                0x0000008e                __vector_16
                0x0000008e                __vector_18
                0x0000008e                __vector_20
 .text          0x00000092        0x0 ./MCAL/UART/UART_program.o
 .text          0x00000092        0x0 ./MCAL/TIMER/TIMER_program.o
 .text          0x00000092        0x0 ./MCAL/GIE/GIE_program.o
 .text          0x00000092        0x0 ./MCAL/DIO/DIO_program.o
 .text          0x00000092        0x0 ./MCAL/ADC/ADC_program.o
 .text          0x00000092        0x0 ./HAL/SERVO/SERVO_program.o
 .text          0x00000092        0x0 ./HAL/LCD/LCD_program.o
 .text          0x00000092        0x0 ./APP/APP_program.o
 .text          0x00000092        0x0 ./main.o
 .text          0x00000092        0x0 e:/iti/01-avr/imt_sdk_win_64/winavr/bin/../lib/gcc/avr/4.3.3/avr5\libgcc.a(_udivmodhi4.o)
 .text          0x00000092        0x0 e:/iti/01-avr/imt_sdk_win_64/winavr/bin/../lib/gcc/avr/4.3.3/avr5\libgcc.a(_udivmodsi4.o)
 .text          0x00000092        0x0 e:/iti/01-avr/imt_sdk_win_64/winavr/bin/../lib/gcc/avr/4.3.3/avr5\libgcc.a(_exit.o)
 .text          0x00000092        0x0 e:/iti/01-avr/imt_sdk_win_64/winavr/bin/../lib/gcc/avr/4.3.3/avr5\libgcc.a(_copy_data.o)
 .text          0x00000092        0x0 e:/iti/01-avr/imt_sdk_win_64/winavr/bin/../lib/gcc/avr/4.3.3/avr5\libgcc.a(_clear_bss.o)
 .text          0x00000092       0xfe e:/iti/01-avr/imt_sdk_win_64/winavr/bin/../lib/gcc/avr/4.3.3/avr5\libgcc.a(_ashldi3.o)
                0x00000092                __ashldi3
 .text          0x00000190       0x58 e:/iti/01-avr/imt_sdk_win_64/winavr/bin/../lib/gcc/avr/4.3.3/avr5\libgcc.a(_fixunssfsi.o)
                0x00000190                __fixunssfsi
 .text          0x000001e8      0xcea e:/iti/01-avr/imt_sdk_win_64/winavr/bin/../lib/gcc/avr/4.3.3/avr5\libgcc.a(_udivdi3.o)
                0x000001e8                __udivdi3
 .text          0x00000ed2      0xce0 e:/iti/01-avr/imt_sdk_win_64/winavr/bin/../lib/gcc/avr/4.3.3/avr5\libgcc.a(_umoddi3.o)
                0x00000ed2                __umoddi3
 .text          0x00001bb2      0x354 e:/iti/01-avr/imt_sdk_win_64/winavr/bin/../lib/gcc/avr/4.3.3/avr5\libgcc.a(_addsub_sf.o)
                0x00001e4a                __subsf3
                0x00001eac                __addsf3
 .text          0x00001f06      0x1f4 e:/iti/01-avr/imt_sdk_win_64/winavr/bin/../lib/gcc/avr/4.3.3/avr5\libgcc.a(_mul_sf.o)
                0x00001f06                __mulsf3
 .text          0x000020fa      0x158 e:/iti/01-avr/imt_sdk_win_64/winavr/bin/../lib/gcc/avr/4.3.3/avr5\libgcc.a(_div_sf.o)
                0x000020fa                __divsf3
 .text          0x00002252       0x60 e:/iti/01-avr/imt_sdk_win_64/winavr/bin/../lib/gcc/avr/4.3.3/avr5\libgcc.a(_gt_sf.o)
                0x00002252                __gtsf2
 .text          0x000022b2       0x60 e:/iti/01-avr/imt_sdk_win_64/winavr/bin/../lib/gcc/avr/4.3.3/avr5\libgcc.a(_ge_sf.o)
                0x000022b2                __gesf2
 .text          0x00002312       0x60 e:/iti/01-avr/imt_sdk_win_64/winavr/bin/../lib/gcc/avr/4.3.3/avr5\libgcc.a(_lt_sf.o)
                0x00002312                __ltsf2
 .text          0x00002372       0xa8 e:/iti/01-avr/imt_sdk_win_64/winavr/bin/../lib/gcc/avr/4.3.3/avr5\libgcc.a(_sf_to_si.o)
                0x00002372                __fixsfsi
 .text          0x0000241a        0x0 e:/iti/01-avr/imt_sdk_win_64/winavr/bin/../lib/gcc/avr/4.3.3/avr5\libgcc.a(_thenan_sf.o)
 .text          0x0000241a        0x0 e:/iti/01-avr/imt_sdk_win_64/winavr/bin/../lib/gcc/avr/4.3.3/avr5\libgcc.a(_mulsi3.o)
 .text          0x0000241a        0x0 e:/iti/01-avr/imt_sdk_win_64/winavr/bin/../lib/gcc/avr/4.3.3/avr5\libgcc.a(_prologue.o)
 .text          0x0000241a        0x0 e:/iti/01-avr/imt_sdk_win_64/winavr/bin/../lib/gcc/avr/4.3.3/avr5\libgcc.a(_epilogue.o)
 .text          0x0000241a        0x0 e:/iti/01-avr/imt_sdk_win_64/winavr/bin/../lib/gcc/avr/4.3.3/avr5\libgcc.a(_clz.o)
 .text          0x0000241a      0x1aa e:/iti/01-avr/imt_sdk_win_64/winavr/bin/../lib/gcc/avr/4.3.3/avr5\libgcc.a(_pack_sf.o)
                0x0000241a                __pack_f
 .text          0x000025c4       0xf0 e:/iti/01-avr/imt_sdk_win_64/winavr/bin/../lib/gcc/avr/4.3.3/avr5\libgcc.a(_unpack_sf.o)
                0x000025c4                __unpack_f
 .text          0x000026b4       0xb2 e:/iti/01-avr/imt_sdk_win_64/winavr/bin/../lib/gcc/avr/4.3.3/avr5\libgcc.a(_fpcmp_parts_sf.o)
                0x000026b4                __fpcmp_parts_f
                0x00002766                . = ALIGN (0x2)
 *(.text.*)
 .text.UART_SendString
                0x00002766       0x5a ./MCAL/UART/UART_program.o
                0x00002766                UART_SendString
 .text.UART_ReceiveString
                0x000027c0       0x64 ./MCAL/UART/UART_program.o
                0x000027c0                UART_ReceiveString
 .text.UART_void_Init
                0x00002824      0x21c ./MCAL/UART/UART_program.o
                0x00002824                UART_void_Init
 .text.UART_u8SendData_Sync
                0x00002a40      0x12c ./MCAL/UART/UART_program.o
                0x00002a40                UART_u8SendData_Sync
 .text.UART_voidReceiveData_Sync
                0x00002b6c       0x1e ./MCAL/UART/UART_program.o
                0x00002b6c                UART_voidReceiveData_Sync
 .text.UART_u8SendData_Async
                0x00002b8a      0x114 ./MCAL/UART/UART_program.o
                0x00002b8a                UART_u8SendData_Async
 .text.UART_voidReceiveData_Async
                0x00002c9e       0x14 ./MCAL/UART/UART_program.o
                0x00002c9e                UART_voidReceiveData_Async
 .text.UART_voidCallBackFunSending
                0x00002cb2       0x48 ./MCAL/UART/UART_program.o
                0x00002cb2                UART_voidCallBackFunSending
 .text.UART_voidCallBackFunReceiving
                0x00002cfa       0x48 ./MCAL/UART/UART_program.o
                0x00002cfa                UART_voidCallBackFunReceiving
 .text.__vector_13
                0x00002d42       0x78 ./MCAL/UART/UART_program.o
                0x00002d42                __vector_13
 .text.__vector_14
                0x00002dba       0x78 ./MCAL/UART/UART_program.o
                0x00002dba                __vector_14
 .text.Timer_voidT0Init
                0x00002e32      0x1a4 ./MCAL/TIMER/TIMER_program.o
                0x00002e32                Timer_voidT0Init
 .text.Timer_voidT0Dinit
                0x00002fd6       0x2e ./MCAL/TIMER/TIMER_program.o
                0x00002fd6                Timer_voidT0Dinit
 .text.Timer_StartT0
                0x00003004       0xae ./MCAL/TIMER/TIMER_program.o
                0x00003004                Timer_StartT0
 .text.Timer_voidCallBackFun
                0x000030b2       0x2c ./MCAL/TIMER/TIMER_program.o
                0x000030b2                Timer_voidCallBackFun
 .text.__vector_10
                0x000030de       0x66 ./MCAL/TIMER/TIMER_program.o
                0x000030de                __vector_10
 .text.__vector_11
                0x00003144       0x66 ./MCAL/TIMER/TIMER_program.o
                0x00003144                __vector_11
 .text.Timer_voidT1Init
                0x000031aa       0xd2 ./MCAL/TIMER/TIMER_program.o
                0x000031aa                Timer_voidT1Init
 .text.Timer_voidSetCompareMatchValueT1A
                0x0000327c       0x24 ./MCAL/TIMER/TIMER_program.o
                0x0000327c                Timer_voidSetCompareMatchValueT1A
 .text.Timer_voidSetICRValueT1
                0x000032a0       0x24 ./MCAL/TIMER/TIMER_program.o
                0x000032a0                Timer_voidSetICRValueT1
 .text.GIE_voidEnable
                0x000032c4       0x1c ./MCAL/GIE/GIE_program.o
                0x000032c4                GIE_voidEnable
 .text.GIE_voidDisable
                0x000032e0       0x1c ./MCAL/GIE/GIE_program.o
                0x000032e0                GIE_voidDisable
 .text.DIO_voidSetPinDirection
                0x000032fc      0x210 ./MCAL/DIO/DIO_program.o
                0x000032fc                DIO_voidSetPinDirection
 .text.DIO_voidSetPinValue
                0x0000350c      0x210 ./MCAL/DIO/DIO_program.o
                0x0000350c                DIO_voidSetPinValue
 .text.DIO_u8GetPinValue
                0x0000371c       0xf6 ./MCAL/DIO/DIO_program.o
                0x0000371c                DIO_u8GetPinValue
 .text.DIO_voidSetPortDirection
                0x00003812      0x10a ./MCAL/DIO/DIO_program.o
                0x00003812                DIO_voidSetPortDirection
 .text.DIO_voidSetPortValue
                0x0000391c       0x82 ./MCAL/DIO/DIO_program.o
                0x0000391c                DIO_voidSetPortValue
 .text.DIO_u8GetPortValue
                0x0000399e       0x86 ./MCAL/DIO/DIO_program.o
                0x0000399e                DIO_u8GetPortValue
 .text.ADC_ErrorStateConvertedValueSync
                0x00003a24       0xe8 ./MCAL/ADC/ADC_program.o
                0x00003a24                ADC_ErrorStateConvertedValueSync
 .text.ADC_voidInit
                0x00003b0c       0x78 ./MCAL/ADC/ADC_program.o
                0x00003b0c                ADC_voidInit
 .text.ADC_u16ConvertedValue
                0x00003b84       0x70 ./MCAL/ADC/ADC_program.o
                0x00003b84                ADC_u16ConvertedValue
 .text.SERVO_voidInit
                0x00003bf4       0x78 ./HAL/SERVO/SERVO_program.o
                0x00003bf4                SERVO_voidInit
 .text.SERVO_u16SendAngle
                0x00003c6c       0x6e ./HAL/SERVO/SERVO_program.o
                0x00003c6c                SERVO_u16SendAngle
 .text.LCD_u8Display_Number
                0x00003cda      0x876 ./HAL/LCD/LCD_program.o
                0x00003cda                LCD_u8Display_Number
 .text.LCD_voidShiftRight
                0x00004550       0x14 ./HAL/LCD/LCD_program.o
                0x00004550                LCD_voidShiftRight
 .text.LCD_voidShiftLeft
                0x00004564       0x14 ./HAL/LCD/LCD_program.o
                0x00004564                LCD_voidShiftLeft
 .text.LCD_voidSendString
                0x00004578       0x52 ./HAL/LCD/LCD_program.o
                0x00004578                LCD_voidSendString
 .text.LCD_voidSendEXTRAChar
                0x000045ca       0x82 ./HAL/LCD/LCD_program.o
                0x000045ca                LCD_voidSendEXTRAChar
 .text.LCD_voidSetposition
                0x0000464c       0x50 ./HAL/LCD/LCD_program.o
                0x0000464c                LCD_voidSetposition
 .text.LCD_voidInit
                0x0000469c      0x310 ./HAL/LCD/LCD_program.o
                0x0000469c                LCD_voidInit
 .text.LCD_voidSendCommand
                0x000049ac      0x350 ./HAL/LCD/LCD_program.o
                0x000049ac                LCD_voidSendCommand
 .text.LCD_voidSendData
                0x00004cfc      0x350 ./HAL/LCD/LCD_program.o
                0x00004cfc                LCD_voidSendData
 .text.LCD_voidDisplay_CLR
                0x0000504c       0x14 ./HAL/LCD/LCD_program.o
                0x0000504c                LCD_voidDisplay_CLR
 .text.CheckAli_sPassWord_ErrorState
                0x00005060      0x1a8 ./APP/APP_program.o
                0x00005060                CheckAli_sPassWord_ErrorState
 .text.Ali_UserEntry
                0x00005208      0x1ac ./APP/APP_program.o
                0x00005208                Ali_UserEntry
 .text.CheckAmr_sPassWord_ErrorState
                0x000053b4      0x1a8 ./APP/APP_program.o
                0x000053b4                CheckAmr_sPassWord_ErrorState
 .text.Amr_UserEntry
                0x0000555c      0x1ac ./APP/APP_program.o
                0x0000555c                Amr_UserEntry
 .text.CheckMay_sPassWord_ErrorState
                0x00005708      0x1a8 ./APP/APP_program.o
                0x00005708                CheckMay_sPassWord_ErrorState
 .text.May_UserEntry
                0x000058b0      0x1ac ./APP/APP_program.o
                0x000058b0                May_UserEntry
 .text.CheckAlaa_sPassWord_ErrorState
                0x00005a5c      0x1a8 ./APP/APP_program.o
                0x00005a5c                CheckAlaa_sPassWord_ErrorState
 .text.Alaa_UserEntry
                0x00005c04      0x1ac ./APP/APP_program.o
                0x00005c04                Alaa_UserEntry
 .text.CheckEmad_sPassWord_ErrorState
                0x00005db0      0x1a8 ./APP/APP_program.o
                0x00005db0                CheckEmad_sPassWord_ErrorState
 .text.Emad_UserEntry
                0x00005f58      0x1ac ./APP/APP_program.o
                0x00005f58                Emad_UserEntry
 .text.Display_LedsOptions
                0x00006104       0x4e ./APP/APP_program.o
                0x00006104                Display_LedsOptions
 .text.Display_UsersOptions
                0x00006152       0x5e ./APP/APP_program.o
                0x00006152                Display_UsersOptions
 .text._1LED_ON
                0x000061b0       0x2c ./APP/APP_program.o
                0x000061b0                _1LED_ON
 .text._2LEDS_ON
                0x000061dc       0x2c ./APP/APP_program.o
                0x000061dc                _2LEDS_ON
 .text._3LEDS_ON
                0x00006208       0x2c ./APP/APP_program.o
                0x00006208                _3LEDS_ON
 .text.LEDS_OFF
                0x00006234       0x2c ./APP/APP_program.o
                0x00006234                LEDS_OFF
 .text.main     0x00006260      0x436 ./main.o
                0x00006260                main
 .text.libgcc   0x00006696       0x28 e:/iti/01-avr/imt_sdk_win_64/winavr/bin/../lib/gcc/avr/4.3.3/avr5\libgcc.a(_udivmodhi4.o)
                0x00006696                __udivmodhi4
 .text.libgcc   0x000066be       0x44 e:/iti/01-avr/imt_sdk_win_64/winavr/bin/../lib/gcc/avr/4.3.3/avr5\libgcc.a(_udivmodsi4.o)
                0x000066be                __udivmodsi4
 .text.libgcc   0x00006702        0x0 e:/iti/01-avr/imt_sdk_win_64/winavr/bin/../lib/gcc/avr/4.3.3/avr5\libgcc.a(_exit.o)
 .text.libgcc   0x00006702        0x0 e:/iti/01-avr/imt_sdk_win_64/winavr/bin/../lib/gcc/avr/4.3.3/avr5\libgcc.a(_copy_data.o)
 .text.libgcc   0x00006702        0x0 e:/iti/01-avr/imt_sdk_win_64/winavr/bin/../lib/gcc/avr/4.3.3/avr5\libgcc.a(_clear_bss.o)
 .text.libgcc   0x00006702       0x3e e:/iti/01-avr/imt_sdk_win_64/winavr/bin/../lib/gcc/avr/4.3.3/avr5\libgcc.a(_mulsi3.o)
                0x00006702                __mulsi3
 .text.libgcc   0x00006740       0x38 e:/iti/01-avr/imt_sdk_win_64/winavr/bin/../lib/gcc/avr/4.3.3/avr5\libgcc.a(_prologue.o)
                0x00006740                __prologue_saves__
 .text.libgcc   0x00006778       0x36 e:/iti/01-avr/imt_sdk_win_64/winavr/bin/../lib/gcc/avr/4.3.3/avr5\libgcc.a(_epilogue.o)
                0x00006778                __epilogue_restores__
                0x000067ae                . = ALIGN (0x2)
 *(.fini9)
 .fini9         0x000067ae        0x0 e:/iti/01-avr/imt_sdk_win_64/winavr/bin/../lib/gcc/avr/4.3.3/avr5\libgcc.a(_exit.o)
                0x000067ae                exit
                0x000067ae                _exit
 *(.fini9)
 *(.fini8)
 *(.fini8)
 *(.fini7)
 *(.fini7)
 *(.fini6)
 *(.fini6)
 *(.fini5)
 *(.fini5)
 *(.fini4)
 *(.fini4)
 *(.fini3)
 *(.fini3)
 *(.fini2)
 *(.fini2)
 *(.fini1)
 *(.fini1)
 *(.fini0)
 .fini0         0x000067ae        0x4 e:/iti/01-avr/imt_sdk_win_64/winavr/bin/../lib/gcc/avr/4.3.3/avr5\libgcc.a(_exit.o)
 *(.fini0)
                0x000067b2                _etext = .

.data           0x00800060      0x23a load address 0x000067b2
                0x00800060                PROVIDE (__data_start, .)
 *(.data)
 .data          0x00800060        0x0 e:/iti/01-avr/imt_sdk_win_64/winavr/bin/../lib/gcc/avr/4.3.3/../../../../avr/lib/avr5/crtm32.o
 .data          0x00800060        0x0 ./MCAL/UART/UART_program.o
 .data          0x00800060        0x0 ./MCAL/TIMER/TIMER_program.o
 .data          0x00800060        0x0 ./MCAL/GIE/GIE_program.o
 .data          0x00800060        0x0 ./MCAL/DIO/DIO_program.o
 .data          0x00800060        0x0 ./MCAL/ADC/ADC_program.o
 .data          0x00800060        0x0 ./HAL/SERVO/SERVO_program.o
 .data          0x00800060        0x0 ./HAL/LCD/LCD_program.o
 .data          0x00800060       0xef ./APP/APP_program.o
 .data          0x0080014f       0x1e ./main.o
 .data          0x0080016d        0x0 e:/iti/01-avr/imt_sdk_win_64/winavr/bin/../lib/gcc/avr/4.3.3/avr5\libgcc.a(_udivmodhi4.o)
 .data          0x0080016d        0x0 e:/iti/01-avr/imt_sdk_win_64/winavr/bin/../lib/gcc/avr/4.3.3/avr5\libgcc.a(_udivmodsi4.o)
 .data          0x0080016d        0x0 e:/iti/01-avr/imt_sdk_win_64/winavr/bin/../lib/gcc/avr/4.3.3/avr5\libgcc.a(_exit.o)
 .data          0x0080016d        0x0 e:/iti/01-avr/imt_sdk_win_64/winavr/bin/../lib/gcc/avr/4.3.3/avr5\libgcc.a(_copy_data.o)
 .data          0x0080016d        0x0 e:/iti/01-avr/imt_sdk_win_64/winavr/bin/../lib/gcc/avr/4.3.3/avr5\libgcc.a(_clear_bss.o)
 .data          0x0080016d        0x0 e:/iti/01-avr/imt_sdk_win_64/winavr/bin/../lib/gcc/avr/4.3.3/avr5\libgcc.a(_ashldi3.o)
 .data          0x0080016d        0x0 e:/iti/01-avr/imt_sdk_win_64/winavr/bin/../lib/gcc/avr/4.3.3/avr5\libgcc.a(_fixunssfsi.o)
 .data          0x0080016d        0x0 e:/iti/01-avr/imt_sdk_win_64/winavr/bin/../lib/gcc/avr/4.3.3/avr5\libgcc.a(_udivdi3.o)
 .data          0x0080016d        0x0 e:/iti/01-avr/imt_sdk_win_64/winavr/bin/../lib/gcc/avr/4.3.3/avr5\libgcc.a(_umoddi3.o)
 .data          0x0080016d        0x0 e:/iti/01-avr/imt_sdk_win_64/winavr/bin/../lib/gcc/avr/4.3.3/avr5\libgcc.a(_addsub_sf.o)
 .data          0x0080016d        0x0 e:/iti/01-avr/imt_sdk_win_64/winavr/bin/../lib/gcc/avr/4.3.3/avr5\libgcc.a(_mul_sf.o)
 .data          0x0080016d        0x0 e:/iti/01-avr/imt_sdk_win_64/winavr/bin/../lib/gcc/avr/4.3.3/avr5\libgcc.a(_div_sf.o)
 .data          0x0080016d        0x0 e:/iti/01-avr/imt_sdk_win_64/winavr/bin/../lib/gcc/avr/4.3.3/avr5\libgcc.a(_gt_sf.o)
 .data          0x0080016d        0x0 e:/iti/01-avr/imt_sdk_win_64/winavr/bin/../lib/gcc/avr/4.3.3/avr5\libgcc.a(_ge_sf.o)
 .data          0x0080016d        0x0 e:/iti/01-avr/imt_sdk_win_64/winavr/bin/../lib/gcc/avr/4.3.3/avr5\libgcc.a(_lt_sf.o)
 .data          0x0080016d        0x0 e:/iti/01-avr/imt_sdk_win_64/winavr/bin/../lib/gcc/avr/4.3.3/avr5\libgcc.a(_sf_to_si.o)
 .data          0x0080016d        0x8 e:/iti/01-avr/imt_sdk_win_64/winavr/bin/../lib/gcc/avr/4.3.3/avr5\libgcc.a(_thenan_sf.o)
                0x0080016d                __thenan_sf
 .data          0x00800175        0x0 e:/iti/01-avr/imt_sdk_win_64/winavr/bin/../lib/gcc/avr/4.3.3/avr5\libgcc.a(_mulsi3.o)
 .data          0x00800175        0x0 e:/iti/01-avr/imt_sdk_win_64/winavr/bin/../lib/gcc/avr/4.3.3/avr5\libgcc.a(_prologue.o)
 .data          0x00800175        0x0 e:/iti/01-avr/imt_sdk_win_64/winavr/bin/../lib/gcc/avr/4.3.3/avr5\libgcc.a(_epilogue.o)
 .data          0x00800175      0x100 e:/iti/01-avr/imt_sdk_win_64/winavr/bin/../lib/gcc/avr/4.3.3/avr5\libgcc.a(_clz.o)
                0x00800175                __clz_tab
 .data          0x00800275        0x0 e:/iti/01-avr/imt_sdk_win_64/winavr/bin/../lib/gcc/avr/4.3.3/avr5\libgcc.a(_pack_sf.o)
 .data          0x00800275        0x0 e:/iti/01-avr/imt_sdk_win_64/winavr/bin/../lib/gcc/avr/4.3.3/avr5\libgcc.a(_unpack_sf.o)
 .data          0x00800275        0x0 e:/iti/01-avr/imt_sdk_win_64/winavr/bin/../lib/gcc/avr/4.3.3/avr5\libgcc.a(_fpcmp_parts_sf.o)
 *(.data*)
 .data.ALISPASS
                0x00800275        0x4 ./APP/APP_program.o
                0x00800275                ALISPASS
 .data.AMRSPASS
                0x00800279        0x4 ./APP/APP_program.o
                0x00800279                AMRSPASS
 .data.MAYSPASS
                0x0080027d        0x4 ./APP/APP_program.o
                0x0080027d                MAYSPASS
 .data.ALAASPASS
                0x00800281        0x4 ./APP/APP_program.o
                0x00800281                ALAASPASS
 .data.EMADSPASS
                0x00800285        0x4 ./APP/APP_program.o
                0x00800285                EMADSPASS
 .data.pass     0x00800289        0x4 ./APP/APP_program.o
                0x00800289                pass
 *(.rodata)
 *(.rodata*)
 .rodata.C.0.1314
                0x0080028d        0x3 ./HAL/SERVO/SERVO_program.o
 .rodata.C.0.1415
                0x00800290        0x9 ./main.o
 *(.gnu.linkonce.d*)
                0x0080029a                . = ALIGN (0x2)
 *fill*         0x00800299        0x1 00
                0x0080029a                _edata = .
                0x0080029a                PROVIDE (__data_end, .)

.bss            0x0080029a       0x10
                0x0080029a                PROVIDE (__bss_start, .)
 *(.bss)
 .bss           0x0080029a        0x0 e:/iti/01-avr/imt_sdk_win_64/winavr/bin/../lib/gcc/avr/4.3.3/../../../../avr/lib/avr5/crtm32.o
 .bss           0x0080029a        0x0 ./MCAL/UART/UART_program.o
 .bss           0x0080029a        0x0 ./MCAL/TIMER/TIMER_program.o
 .bss           0x0080029a        0x0 ./MCAL/GIE/GIE_program.o
 .bss           0x0080029a        0x0 ./MCAL/DIO/DIO_program.o
 .bss           0x0080029a        0x0 ./MCAL/ADC/ADC_program.o
 .bss           0x0080029a        0x0 ./HAL/SERVO/SERVO_program.o
 .bss           0x0080029a        0x0 ./HAL/LCD/LCD_program.o
 .bss           0x0080029a        0x0 ./APP/APP_program.o
 .bss           0x0080029a        0x0 ./main.o
 .bss           0x0080029a        0x0 e:/iti/01-avr/imt_sdk_win_64/winavr/bin/../lib/gcc/avr/4.3.3/avr5\libgcc.a(_udivmodhi4.o)
 .bss           0x0080029a        0x0 e:/iti/01-avr/imt_sdk_win_64/winavr/bin/../lib/gcc/avr/4.3.3/avr5\libgcc.a(_udivmodsi4.o)
 .bss           0x0080029a        0x0 e:/iti/01-avr/imt_sdk_win_64/winavr/bin/../lib/gcc/avr/4.3.3/avr5\libgcc.a(_exit.o)
 .bss           0x0080029a        0x0 e:/iti/01-avr/imt_sdk_win_64/winavr/bin/../lib/gcc/avr/4.3.3/avr5\libgcc.a(_copy_data.o)
 .bss           0x0080029a        0x0 e:/iti/01-avr/imt_sdk_win_64/winavr/bin/../lib/gcc/avr/4.3.3/avr5\libgcc.a(_clear_bss.o)
 .bss           0x0080029a        0x0 e:/iti/01-avr/imt_sdk_win_64/winavr/bin/../lib/gcc/avr/4.3.3/avr5\libgcc.a(_ashldi3.o)
 .bss           0x0080029a        0x0 e:/iti/01-avr/imt_sdk_win_64/winavr/bin/../lib/gcc/avr/4.3.3/avr5\libgcc.a(_fixunssfsi.o)
 .bss           0x0080029a        0x0 e:/iti/01-avr/imt_sdk_win_64/winavr/bin/../lib/gcc/avr/4.3.3/avr5\libgcc.a(_udivdi3.o)
 .bss           0x0080029a        0x0 e:/iti/01-avr/imt_sdk_win_64/winavr/bin/../lib/gcc/avr/4.3.3/avr5\libgcc.a(_umoddi3.o)
 .bss           0x0080029a        0x0 e:/iti/01-avr/imt_sdk_win_64/winavr/bin/../lib/gcc/avr/4.3.3/avr5\libgcc.a(_addsub_sf.o)
 .bss           0x0080029a        0x0 e:/iti/01-avr/imt_sdk_win_64/winavr/bin/../lib/gcc/avr/4.3.3/avr5\libgcc.a(_mul_sf.o)
 .bss           0x0080029a        0x0 e:/iti/01-avr/imt_sdk_win_64/winavr/bin/../lib/gcc/avr/4.3.3/avr5\libgcc.a(_div_sf.o)
 .bss           0x0080029a        0x0 e:/iti/01-avr/imt_sdk_win_64/winavr/bin/../lib/gcc/avr/4.3.3/avr5\libgcc.a(_gt_sf.o)
 .bss           0x0080029a        0x0 e:/iti/01-avr/imt_sdk_win_64/winavr/bin/../lib/gcc/avr/4.3.3/avr5\libgcc.a(_ge_sf.o)
 .bss           0x0080029a        0x0 e:/iti/01-avr/imt_sdk_win_64/winavr/bin/../lib/gcc/avr/4.3.3/avr5\libgcc.a(_lt_sf.o)
 .bss           0x0080029a        0x0 e:/iti/01-avr/imt_sdk_win_64/winavr/bin/../lib/gcc/avr/4.3.3/avr5\libgcc.a(_sf_to_si.o)
 .bss           0x0080029a        0x0 e:/iti/01-avr/imt_sdk_win_64/winavr/bin/../lib/gcc/avr/4.3.3/avr5\libgcc.a(_thenan_sf.o)
 .bss           0x0080029a        0x0 e:/iti/01-avr/imt_sdk_win_64/winavr/bin/../lib/gcc/avr/4.3.3/avr5\libgcc.a(_mulsi3.o)
 .bss           0x0080029a        0x0 e:/iti/01-avr/imt_sdk_win_64/winavr/bin/../lib/gcc/avr/4.3.3/avr5\libgcc.a(_prologue.o)
 .bss           0x0080029a        0x0 e:/iti/01-avr/imt_sdk_win_64/winavr/bin/../lib/gcc/avr/4.3.3/avr5\libgcc.a(_epilogue.o)
 .bss           0x0080029a        0x0 e:/iti/01-avr/imt_sdk_win_64/winavr/bin/../lib/gcc/avr/4.3.3/avr5\libgcc.a(_clz.o)
 .bss           0x0080029a        0x0 e:/iti/01-avr/imt_sdk_win_64/winavr/bin/../lib/gcc/avr/4.3.3/avr5\libgcc.a(_pack_sf.o)
 .bss           0x0080029a        0x0 e:/iti/01-avr/imt_sdk_win_64/winavr/bin/../lib/gcc/avr/4.3.3/avr5\libgcc.a(_unpack_sf.o)
 .bss           0x0080029a        0x0 e:/iti/01-avr/imt_sdk_win_64/winavr/bin/../lib/gcc/avr/4.3.3/avr5\libgcc.a(_fpcmp_parts_sf.o)
 *(.bss*)
 .bss.Global_Ptr_To_FunNotification
                0x0080029a        0x2 ./MCAL/UART/UART_program.o
 .bss.UART_Sending_Flag
                0x0080029c        0x1 ./MCAL/UART/UART_program.o
 .bss.UART_Receiving_Flag
                0x0080029d        0x1 ./MCAL/UART/UART_program.o
 .bss.Global_PtrToFun_Notification
                0x0080029e        0x2 ./MCAL/TIMER/TIMER_program.o
 .bss.Attempts  0x008002a0        0x1 ./APP/APP_program.o
                0x008002a0                Attempts
 .bss.passcounter
                0x008002a1        0x1 ./APP/APP_program.o
                0x008002a1                passcounter
 .bss.Chcek_Counter
                0x008002a2        0x1 ./APP/APP_program.o
                0x008002a2                Chcek_Counter
 .bss.Correct_PASS_Flag
                0x008002a3        0x1 ./APP/APP_program.o
                0x008002a3                Correct_PASS_Flag
 .bss.Local_Error_State.1462
                0x008002a4        0x1 ./APP/APP_program.o
 .bss.Local_Error_State.1530
                0x008002a5        0x1 ./APP/APP_program.o
 .bss.Local_Error_State.1598
                0x008002a6        0x1 ./APP/APP_program.o
 .bss.Local_Error_State.1666
                0x008002a7        0x1 ./APP/APP_program.o
 .bss.Local_Error_State.1734
                0x008002a8        0x1 ./APP/APP_program.o
 *(COMMON)
 COMMON         0x008002a9        0x1 ./APP/APP_program.o
                0x008002a9                local_state
                0x008002aa                PROVIDE (__bss_end, .)
                0x000067b2                __data_load_start = LOADADDR (.data)
                0x000069ec                __data_load_end = (__data_load_start + SIZEOF (.data))

.noinit         0x008002aa        0x0
                0x008002aa                PROVIDE (__noinit_start, .)
 *(.noinit*)
                0x008002aa                PROVIDE (__noinit_end, .)
                0x008002aa                _end = .
                0x008002aa                PROVIDE (__heap_start, .)

.eeprom         0x00810000        0x0
 *(.eeprom*)
                0x00810000                __eeprom_end = .

.fuse
 *(.fuse)
 *(.lfuse)
 *(.hfuse)
 *(.efuse)

.lock
 *(.lock*)

.signature
 *(.signature*)

.stab           0x00000000     0x48d8
 *(.stab)
 .stab          0x00000000      0xa68 ./MCAL/UART/UART_program.o
 .stab          0x00000a68      0x600 ./MCAL/TIMER/TIMER_program.o
                                0x60c (size before relaxing)
 .stab          0x00001068      0x1e0 ./MCAL/GIE/GIE_program.o
                                0x1ec (size before relaxing)
 .stab          0x00001248      0x5ac ./MCAL/DIO/DIO_program.o
                                0x5b8 (size before relaxing)
 .stab          0x000017f4      0x3d8 ./MCAL/ADC/ADC_program.o
                                0x3e4 (size before relaxing)
 .stab          0x00001bcc      0x330 ./HAL/SERVO/SERVO_program.o
                                0x33c (size before relaxing)
 .stab          0x00001efc      0xccc ./HAL/LCD/LCD_program.o
                                0xe64 (size before relaxing)
 .stab          0x00002bc8     0x16c8 ./APP/APP_program.o
                               0x1860 (size before relaxing)
 .stab          0x00004290      0x648 ./main.o
                                0x8a0 (size before relaxing)

.stabstr        0x00000000     0x2213
 *(.stabstr)
 .stabstr       0x00000000     0x2213 ./MCAL/UART/UART_program.o

.stab.excl
 *(.stab.excl)

.stab.exclstr
 *(.stab.exclstr)

.stab.index
 *(.stab.index)

.stab.indexstr
 *(.stab.indexstr)

.comment
 *(.comment)

.debug
 *(.debug)

.line
 *(.line)

.debug_srcinfo
 *(.debug_srcinfo)

.debug_sfnames
 *(.debug_sfnames)

.debug_aranges  0x00000000      0x1c0
 *(.debug_aranges)
 .debug_aranges
                0x00000000       0x20 e:/iti/01-avr/imt_sdk_win_64/winavr/bin/../lib/gcc/avr/4.3.3/avr5\libgcc.a(_ashldi3.o)
 .debug_aranges
                0x00000020       0x20 e:/iti/01-avr/imt_sdk_win_64/winavr/bin/../lib/gcc/avr/4.3.3/avr5\libgcc.a(_fixunssfsi.o)
 .debug_aranges
                0x00000040       0x20 e:/iti/01-avr/imt_sdk_win_64/winavr/bin/../lib/gcc/avr/4.3.3/avr5\libgcc.a(_udivdi3.o)
 .debug_aranges
                0x00000060       0x20 e:/iti/01-avr/imt_sdk_win_64/winavr/bin/../lib/gcc/avr/4.3.3/avr5\libgcc.a(_umoddi3.o)
 .debug_aranges
                0x00000080       0x20 e:/iti/01-avr/imt_sdk_win_64/winavr/bin/../lib/gcc/avr/4.3.3/avr5\libgcc.a(_addsub_sf.o)
 .debug_aranges
                0x000000a0       0x20 e:/iti/01-avr/imt_sdk_win_64/winavr/bin/../lib/gcc/avr/4.3.3/avr5\libgcc.a(_mul_sf.o)
 .debug_aranges
                0x000000c0       0x20 e:/iti/01-avr/imt_sdk_win_64/winavr/bin/../lib/gcc/avr/4.3.3/avr5\libgcc.a(_div_sf.o)
 .debug_aranges
                0x000000e0       0x20 e:/iti/01-avr/imt_sdk_win_64/winavr/bin/../lib/gcc/avr/4.3.3/avr5\libgcc.a(_gt_sf.o)
 .debug_aranges
                0x00000100       0x20 e:/iti/01-avr/imt_sdk_win_64/winavr/bin/../lib/gcc/avr/4.3.3/avr5\libgcc.a(_ge_sf.o)
 .debug_aranges
                0x00000120       0x20 e:/iti/01-avr/imt_sdk_win_64/winavr/bin/../lib/gcc/avr/4.3.3/avr5\libgcc.a(_lt_sf.o)
 .debug_aranges
                0x00000140       0x20 e:/iti/01-avr/imt_sdk_win_64/winavr/bin/../lib/gcc/avr/4.3.3/avr5\libgcc.a(_sf_to_si.o)
 .debug_aranges
                0x00000160       0x20 e:/iti/01-avr/imt_sdk_win_64/winavr/bin/../lib/gcc/avr/4.3.3/avr5\libgcc.a(_pack_sf.o)
 .debug_aranges
                0x00000180       0x20 e:/iti/01-avr/imt_sdk_win_64/winavr/bin/../lib/gcc/avr/4.3.3/avr5\libgcc.a(_unpack_sf.o)
 .debug_aranges
                0x000001a0       0x20 e:/iti/01-avr/imt_sdk_win_64/winavr/bin/../lib/gcc/avr/4.3.3/avr5\libgcc.a(_fpcmp_parts_sf.o)

.debug_pubnames
                0x00000000      0x20f
 *(.debug_pubnames)
 .debug_pubnames
                0x00000000       0x20 e:/iti/01-avr/imt_sdk_win_64/winavr/bin/../lib/gcc/avr/4.3.3/avr5\libgcc.a(_ashldi3.o)
 .debug_pubnames
                0x00000020       0x23 e:/iti/01-avr/imt_sdk_win_64/winavr/bin/../lib/gcc/avr/4.3.3/avr5\libgcc.a(_fixunssfsi.o)
 .debug_pubnames
                0x00000043       0x20 e:/iti/01-avr/imt_sdk_win_64/winavr/bin/../lib/gcc/avr/4.3.3/avr5\libgcc.a(_udivdi3.o)
 .debug_pubnames
                0x00000063       0x20 e:/iti/01-avr/imt_sdk_win_64/winavr/bin/../lib/gcc/avr/4.3.3/avr5\libgcc.a(_umoddi3.o)
 .debug_pubnames
                0x00000083       0x2c e:/iti/01-avr/imt_sdk_win_64/winavr/bin/../lib/gcc/avr/4.3.3/avr5\libgcc.a(_addsub_sf.o)
 .debug_pubnames
                0x000000af       0x1f e:/iti/01-avr/imt_sdk_win_64/winavr/bin/../lib/gcc/avr/4.3.3/avr5\libgcc.a(_mul_sf.o)
 .debug_pubnames
                0x000000ce       0x1f e:/iti/01-avr/imt_sdk_win_64/winavr/bin/../lib/gcc/avr/4.3.3/avr5\libgcc.a(_div_sf.o)
 .debug_pubnames
                0x000000ed       0x1e e:/iti/01-avr/imt_sdk_win_64/winavr/bin/../lib/gcc/avr/4.3.3/avr5\libgcc.a(_gt_sf.o)
 .debug_pubnames
                0x0000010b       0x1e e:/iti/01-avr/imt_sdk_win_64/winavr/bin/../lib/gcc/avr/4.3.3/avr5\libgcc.a(_ge_sf.o)
 .debug_pubnames
                0x00000129       0x1e e:/iti/01-avr/imt_sdk_win_64/winavr/bin/../lib/gcc/avr/4.3.3/avr5\libgcc.a(_lt_sf.o)
 .debug_pubnames
                0x00000147       0x20 e:/iti/01-avr/imt_sdk_win_64/winavr/bin/../lib/gcc/avr/4.3.3/avr5\libgcc.a(_sf_to_si.o)
 .debug_pubnames
                0x00000167       0x22 e:/iti/01-avr/imt_sdk_win_64/winavr/bin/../lib/gcc/avr/4.3.3/avr5\libgcc.a(_thenan_sf.o)
 .debug_pubnames
                0x00000189       0x20 e:/iti/01-avr/imt_sdk_win_64/winavr/bin/../lib/gcc/avr/4.3.3/avr5\libgcc.a(_clz.o)
 .debug_pubnames
                0x000001a9       0x1f e:/iti/01-avr/imt_sdk_win_64/winavr/bin/../lib/gcc/avr/4.3.3/avr5\libgcc.a(_pack_sf.o)
 .debug_pubnames
                0x000001c8       0x21 e:/iti/01-avr/imt_sdk_win_64/winavr/bin/../lib/gcc/avr/4.3.3/avr5\libgcc.a(_unpack_sf.o)
 .debug_pubnames
                0x000001e9       0x26 e:/iti/01-avr/imt_sdk_win_64/winavr/bin/../lib/gcc/avr/4.3.3/avr5\libgcc.a(_fpcmp_parts_sf.o)

.debug_info     0x00000000     0x30e2
 *(.debug_info)
 .debug_info    0x00000000      0x17f e:/iti/01-avr/imt_sdk_win_64/winavr/bin/../lib/gcc/avr/4.3.3/avr5\libgcc.a(_ashldi3.o)
 .debug_info    0x0000017f       0xb1 e:/iti/01-avr/imt_sdk_win_64/winavr/bin/../lib/gcc/avr/4.3.3/avr5\libgcc.a(_fixunssfsi.o)
 .debug_info    0x00000230      0x71e e:/iti/01-avr/imt_sdk_win_64/winavr/bin/../lib/gcc/avr/4.3.3/avr5\libgcc.a(_udivdi3.o)
 .debug_info    0x0000094e      0x757 e:/iti/01-avr/imt_sdk_win_64/winavr/bin/../lib/gcc/avr/4.3.3/avr5\libgcc.a(_umoddi3.o)
 .debug_info    0x000010a5      0x47a e:/iti/01-avr/imt_sdk_win_64/winavr/bin/../lib/gcc/avr/4.3.3/avr5\libgcc.a(_addsub_sf.o)
 .debug_info    0x0000151f      0x485 e:/iti/01-avr/imt_sdk_win_64/winavr/bin/../lib/gcc/avr/4.3.3/avr5\libgcc.a(_mul_sf.o)
 .debug_info    0x000019a4      0x3fc e:/iti/01-avr/imt_sdk_win_64/winavr/bin/../lib/gcc/avr/4.3.3/avr5\libgcc.a(_div_sf.o)
 .debug_info    0x00001da0      0x27f e:/iti/01-avr/imt_sdk_win_64/winavr/bin/../lib/gcc/avr/4.3.3/avr5\libgcc.a(_gt_sf.o)
 .debug_info    0x0000201f      0x27f e:/iti/01-avr/imt_sdk_win_64/winavr/bin/../lib/gcc/avr/4.3.3/avr5\libgcc.a(_ge_sf.o)
 .debug_info    0x0000229e      0x27f e:/iti/01-avr/imt_sdk_win_64/winavr/bin/../lib/gcc/avr/4.3.3/avr5\libgcc.a(_lt_sf.o)
 .debug_info    0x0000251d      0x2b0 e:/iti/01-avr/imt_sdk_win_64/winavr/bin/../lib/gcc/avr/4.3.3/avr5\libgcc.a(_sf_to_si.o)
 .debug_info    0x000027cd      0x12c e:/iti/01-avr/imt_sdk_win_64/winavr/bin/../lib/gcc/avr/4.3.3/avr5\libgcc.a(_thenan_sf.o)
 .debug_info    0x000028f9       0xa9 e:/iti/01-avr/imt_sdk_win_64/winavr/bin/../lib/gcc/avr/4.3.3/avr5\libgcc.a(_clz.o)
 .debug_info    0x000029a2      0x2df e:/iti/01-avr/imt_sdk_win_64/winavr/bin/../lib/gcc/avr/4.3.3/avr5\libgcc.a(_pack_sf.o)
 .debug_info    0x00002c81      0x251 e:/iti/01-avr/imt_sdk_win_64/winavr/bin/../lib/gcc/avr/4.3.3/avr5\libgcc.a(_unpack_sf.o)
 .debug_info    0x00002ed2      0x210 e:/iti/01-avr/imt_sdk_win_64/winavr/bin/../lib/gcc/avr/4.3.3/avr5\libgcc.a(_fpcmp_parts_sf.o)
 *(.gnu.linkonce.wi.*)

.debug_abbrev   0x00000000     0x156a
 *(.debug_abbrev)
 .debug_abbrev  0x00000000       0xee e:/iti/01-avr/imt_sdk_win_64/winavr/bin/../lib/gcc/avr/4.3.3/avr5\libgcc.a(_ashldi3.o)
 .debug_abbrev  0x000000ee       0x5d e:/iti/01-avr/imt_sdk_win_64/winavr/bin/../lib/gcc/avr/4.3.3/avr5\libgcc.a(_fixunssfsi.o)
 .debug_abbrev  0x0000014b      0x181 e:/iti/01-avr/imt_sdk_win_64/winavr/bin/../lib/gcc/avr/4.3.3/avr5\libgcc.a(_udivdi3.o)
 .debug_abbrev  0x000002cc      0x190 e:/iti/01-avr/imt_sdk_win_64/winavr/bin/../lib/gcc/avr/4.3.3/avr5\libgcc.a(_umoddi3.o)
 .debug_abbrev  0x0000045c      0x1ea e:/iti/01-avr/imt_sdk_win_64/winavr/bin/../lib/gcc/avr/4.3.3/avr5\libgcc.a(_addsub_sf.o)
 .debug_abbrev  0x00000646      0x21b e:/iti/01-avr/imt_sdk_win_64/winavr/bin/../lib/gcc/avr/4.3.3/avr5\libgcc.a(_mul_sf.o)
 .debug_abbrev  0x00000861      0x216 e:/iti/01-avr/imt_sdk_win_64/winavr/bin/../lib/gcc/avr/4.3.3/avr5\libgcc.a(_div_sf.o)
 .debug_abbrev  0x00000a77      0x15a e:/iti/01-avr/imt_sdk_win_64/winavr/bin/../lib/gcc/avr/4.3.3/avr5\libgcc.a(_gt_sf.o)
 .debug_abbrev  0x00000bd1      0x15a e:/iti/01-avr/imt_sdk_win_64/winavr/bin/../lib/gcc/avr/4.3.3/avr5\libgcc.a(_ge_sf.o)
 .debug_abbrev  0x00000d2b      0x15a e:/iti/01-avr/imt_sdk_win_64/winavr/bin/../lib/gcc/avr/4.3.3/avr5\libgcc.a(_lt_sf.o)
 .debug_abbrev  0x00000e85      0x17f e:/iti/01-avr/imt_sdk_win_64/winavr/bin/../lib/gcc/avr/4.3.3/avr5\libgcc.a(_sf_to_si.o)
 .debug_abbrev  0x00001004       0xad e:/iti/01-avr/imt_sdk_win_64/winavr/bin/../lib/gcc/avr/4.3.3/avr5\libgcc.a(_thenan_sf.o)
 .debug_abbrev  0x000010b1       0x6a e:/iti/01-avr/imt_sdk_win_64/winavr/bin/../lib/gcc/avr/4.3.3/avr5\libgcc.a(_clz.o)
 .debug_abbrev  0x0000111b      0x1c0 e:/iti/01-avr/imt_sdk_win_64/winavr/bin/../lib/gcc/avr/4.3.3/avr5\libgcc.a(_pack_sf.o)
 .debug_abbrev  0x000012db      0x154 e:/iti/01-avr/imt_sdk_win_64/winavr/bin/../lib/gcc/avr/4.3.3/avr5\libgcc.a(_unpack_sf.o)
 .debug_abbrev  0x0000142f      0x13b e:/iti/01-avr/imt_sdk_win_64/winavr/bin/../lib/gcc/avr/4.3.3/avr5\libgcc.a(_fpcmp_parts_sf.o)

.debug_line     0x00000000     0x14dd
 *(.debug_line)
 .debug_line    0x00000000       0xd7 e:/iti/01-avr/imt_sdk_win_64/winavr/bin/../lib/gcc/avr/4.3.3/avr5\libgcc.a(_ashldi3.o)
 .debug_line    0x000000d7       0xa7 e:/iti/01-avr/imt_sdk_win_64/winavr/bin/../lib/gcc/avr/4.3.3/avr5\libgcc.a(_fixunssfsi.o)
 .debug_line    0x0000017e      0x1d8 e:/iti/01-avr/imt_sdk_win_64/winavr/bin/../lib/gcc/avr/4.3.3/avr5\libgcc.a(_udivdi3.o)
 .debug_line    0x00000356      0x230 e:/iti/01-avr/imt_sdk_win_64/winavr/bin/../lib/gcc/avr/4.3.3/avr5\libgcc.a(_umoddi3.o)
 .debug_line    0x00000586      0x2af e:/iti/01-avr/imt_sdk_win_64/winavr/bin/../lib/gcc/avr/4.3.3/avr5\libgcc.a(_addsub_sf.o)
 .debug_line    0x00000835      0x239 e:/iti/01-avr/imt_sdk_win_64/winavr/bin/../lib/gcc/avr/4.3.3/avr5\libgcc.a(_mul_sf.o)
 .debug_line    0x00000a6e      0x1d5 e:/iti/01-avr/imt_sdk_win_64/winavr/bin/../lib/gcc/avr/4.3.3/avr5\libgcc.a(_div_sf.o)
 .debug_line    0x00000c43       0xd3 e:/iti/01-avr/imt_sdk_win_64/winavr/bin/../lib/gcc/avr/4.3.3/avr5\libgcc.a(_gt_sf.o)
 .debug_line    0x00000d16       0xd3 e:/iti/01-avr/imt_sdk_win_64/winavr/bin/../lib/gcc/avr/4.3.3/avr5\libgcc.a(_ge_sf.o)
 .debug_line    0x00000de9       0xd3 e:/iti/01-avr/imt_sdk_win_64/winavr/bin/../lib/gcc/avr/4.3.3/avr5\libgcc.a(_lt_sf.o)
 .debug_line    0x00000ebc      0x109 e:/iti/01-avr/imt_sdk_win_64/winavr/bin/../lib/gcc/avr/4.3.3/avr5\libgcc.a(_sf_to_si.o)
 .debug_line    0x00000fc5       0x90 e:/iti/01-avr/imt_sdk_win_64/winavr/bin/../lib/gcc/avr/4.3.3/avr5\libgcc.a(_thenan_sf.o)
 .debug_line    0x00001055       0x7c e:/iti/01-avr/imt_sdk_win_64/winavr/bin/../lib/gcc/avr/4.3.3/avr5\libgcc.a(_clz.o)
 .debug_line    0x000010d1      0x18a e:/iti/01-avr/imt_sdk_win_64/winavr/bin/../lib/gcc/avr/4.3.3/avr5\libgcc.a(_pack_sf.o)
 .debug_line    0x0000125b      0x14b e:/iti/01-avr/imt_sdk_win_64/winavr/bin/../lib/gcc/avr/4.3.3/avr5\libgcc.a(_unpack_sf.o)
 .debug_line    0x000013a6      0x137 e:/iti/01-avr/imt_sdk_win_64/winavr/bin/../lib/gcc/avr/4.3.3/avr5\libgcc.a(_fpcmp_parts_sf.o)

.debug_frame    0x00000000      0x1e0
 *(.debug_frame)
 .debug_frame   0x00000000       0x20 e:/iti/01-avr/imt_sdk_win_64/winavr/bin/../lib/gcc/avr/4.3.3/avr5\libgcc.a(_ashldi3.o)
 .debug_frame   0x00000020       0x20 e:/iti/01-avr/imt_sdk_win_64/winavr/bin/../lib/gcc/avr/4.3.3/avr5\libgcc.a(_fixunssfsi.o)
 .debug_frame   0x00000040       0x20 e:/iti/01-avr/imt_sdk_win_64/winavr/bin/../lib/gcc/avr/4.3.3/avr5\libgcc.a(_udivdi3.o)
 .debug_frame   0x00000060       0x20 e:/iti/01-avr/imt_sdk_win_64/winavr/bin/../lib/gcc/avr/4.3.3/avr5\libgcc.a(_umoddi3.o)
 .debug_frame   0x00000080       0x40 e:/iti/01-avr/imt_sdk_win_64/winavr/bin/../lib/gcc/avr/4.3.3/avr5\libgcc.a(_addsub_sf.o)
 .debug_frame   0x000000c0       0x20 e:/iti/01-avr/imt_sdk_win_64/winavr/bin/../lib/gcc/avr/4.3.3/avr5\libgcc.a(_mul_sf.o)
 .debug_frame   0x000000e0       0x20 e:/iti/01-avr/imt_sdk_win_64/winavr/bin/../lib/gcc/avr/4.3.3/avr5\libgcc.a(_div_sf.o)
 .debug_frame   0x00000100       0x20 e:/iti/01-avr/imt_sdk_win_64/winavr/bin/../lib/gcc/avr/4.3.3/avr5\libgcc.a(_gt_sf.o)
 .debug_frame   0x00000120       0x20 e:/iti/01-avr/imt_sdk_win_64/winavr/bin/../lib/gcc/avr/4.3.3/avr5\libgcc.a(_ge_sf.o)
 .debug_frame   0x00000140       0x20 e:/iti/01-avr/imt_sdk_win_64/winavr/bin/../lib/gcc/avr/4.3.3/avr5\libgcc.a(_lt_sf.o)
 .debug_frame   0x00000160       0x20 e:/iti/01-avr/imt_sdk_win_64/winavr/bin/../lib/gcc/avr/4.3.3/avr5\libgcc.a(_sf_to_si.o)
 .debug_frame   0x00000180       0x20 e:/iti/01-avr/imt_sdk_win_64/winavr/bin/../lib/gcc/avr/4.3.3/avr5\libgcc.a(_pack_sf.o)
 .debug_frame   0x000001a0       0x20 e:/iti/01-avr/imt_sdk_win_64/winavr/bin/../lib/gcc/avr/4.3.3/avr5\libgcc.a(_unpack_sf.o)
 .debug_frame   0x000001c0       0x20 e:/iti/01-avr/imt_sdk_win_64/winavr/bin/../lib/gcc/avr/4.3.3/avr5\libgcc.a(_fpcmp_parts_sf.o)

.debug_str      0x00000000      0x375
 *(.debug_str)
 .debug_str     0x00000000       0xdf e:/iti/01-avr/imt_sdk_win_64/winavr/bin/../lib/gcc/avr/4.3.3/avr5\libgcc.a(_ashldi3.o)
                                0x131 (size before relaxing)
 .debug_str     0x000000df       0x14 e:/iti/01-avr/imt_sdk_win_64/winavr/bin/../lib/gcc/avr/4.3.3/avr5\libgcc.a(_fixunssfsi.o)
                                 0xfe (size before relaxing)
 .debug_str     0x000000f3       0x7c e:/iti/01-avr/imt_sdk_win_64/winavr/bin/../lib/gcc/avr/4.3.3/avr5\libgcc.a(_udivdi3.o)
                                0x18a (size before relaxing)
 .debug_str     0x0000016f        0xa e:/iti/01-avr/imt_sdk_win_64/winavr/bin/../lib/gcc/avr/4.3.3/avr5\libgcc.a(_umoddi3.o)
                                0x18a (size before relaxing)
 .debug_str     0x00000179      0x14d e:/iti/01-avr/imt_sdk_win_64/winavr/bin/../lib/gcc/avr/4.3.3/avr5\libgcc.a(_addsub_sf.o)
                                0x206 (size before relaxing)
 .debug_str     0x000002c6       0x27 e:/iti/01-avr/imt_sdk_win_64/winavr/bin/../lib/gcc/avr/4.3.3/avr5\libgcc.a(_mul_sf.o)
                                0x1bf (size before relaxing)
 .debug_str     0x000002ed       0x35 e:/iti/01-avr/imt_sdk_win_64/winavr/bin/../lib/gcc/avr/4.3.3/avr5\libgcc.a(_div_sf.o)
                                0x1c8 (size before relaxing)
 .debug_str     0x00000322        0x8 e:/iti/01-avr/imt_sdk_win_64/winavr/bin/../lib/gcc/avr/4.3.3/avr5\libgcc.a(_gt_sf.o)
                                0x195 (size before relaxing)
 .debug_str     0x0000032a        0x8 e:/iti/01-avr/imt_sdk_win_64/winavr/bin/../lib/gcc/avr/4.3.3/avr5\libgcc.a(_ge_sf.o)
                                0x195 (size before relaxing)
 .debug_str     0x00000332        0x8 e:/iti/01-avr/imt_sdk_win_64/winavr/bin/../lib/gcc/avr/4.3.3/avr5\libgcc.a(_lt_sf.o)
                                0x195 (size before relaxing)
 .debug_str     0x0000033a        0xa e:/iti/01-avr/imt_sdk_win_64/winavr/bin/../lib/gcc/avr/4.3.3/avr5\libgcc.a(_sf_to_si.o)
                                0x19e (size before relaxing)
 .debug_str     0x00000000      0x103 e:/iti/01-avr/imt_sdk_win_64/winavr/bin/../lib/gcc/avr/4.3.3/avr5\libgcc.a(_thenan_sf.o)
 .debug_str     0x00000000       0xf4 e:/iti/01-avr/imt_sdk_win_64/winavr/bin/../lib/gcc/avr/4.3.3/avr5\libgcc.a(_clz.o)
 .debug_str     0x00000344       0x16 e:/iti/01-avr/imt_sdk_win_64/winavr/bin/../lib/gcc/avr/4.3.3/avr5\libgcc.a(_pack_sf.o)
                                0x19d (size before relaxing)
 .debug_str     0x0000035a        0xb e:/iti/01-avr/imt_sdk_win_64/winavr/bin/../lib/gcc/avr/4.3.3/avr5\libgcc.a(_unpack_sf.o)
                                0x17f (size before relaxing)
 .debug_str     0x00000365       0x10 e:/iti/01-avr/imt_sdk_win_64/winavr/bin/../lib/gcc/avr/4.3.3/avr5\libgcc.a(_fpcmp_parts_sf.o)
                                0x163 (size before relaxing)

.debug_loc      0x00000000     0x22ac
 *(.debug_loc)
 .debug_loc     0x00000000       0xf8 e:/iti/01-avr/imt_sdk_win_64/winavr/bin/../lib/gcc/avr/4.3.3/avr5\libgcc.a(_ashldi3.o)
 .debug_loc     0x000000f8       0x34 e:/iti/01-avr/imt_sdk_win_64/winavr/bin/../lib/gcc/avr/4.3.3/avr5\libgcc.a(_fixunssfsi.o)
 .debug_loc     0x0000012c      0xe74 e:/iti/01-avr/imt_sdk_win_64/winavr/bin/../lib/gcc/avr/4.3.3/avr5\libgcc.a(_udivdi3.o)
 .debug_loc     0x00000fa0      0xab2 e:/iti/01-avr/imt_sdk_win_64/winavr/bin/../lib/gcc/avr/4.3.3/avr5\libgcc.a(_umoddi3.o)
 .debug_loc     0x00001a52      0x32a e:/iti/01-avr/imt_sdk_win_64/winavr/bin/../lib/gcc/avr/4.3.3/avr5\libgcc.a(_addsub_sf.o)
 .debug_loc     0x00001d7c      0x104 e:/iti/01-avr/imt_sdk_win_64/winavr/bin/../lib/gcc/avr/4.3.3/avr5\libgcc.a(_mul_sf.o)
 .debug_loc     0x00001e80       0xc0 e:/iti/01-avr/imt_sdk_win_64/winavr/bin/../lib/gcc/avr/4.3.3/avr5\libgcc.a(_div_sf.o)
 .debug_loc     0x00001f40       0x3c e:/iti/01-avr/imt_sdk_win_64/winavr/bin/../lib/gcc/avr/4.3.3/avr5\libgcc.a(_gt_sf.o)
 .debug_loc     0x00001f7c       0x3c e:/iti/01-avr/imt_sdk_win_64/winavr/bin/../lib/gcc/avr/4.3.3/avr5\libgcc.a(_ge_sf.o)
 .debug_loc     0x00001fb8       0x3c e:/iti/01-avr/imt_sdk_win_64/winavr/bin/../lib/gcc/avr/4.3.3/avr5\libgcc.a(_lt_sf.o)
 .debug_loc     0x00001ff4       0x7e e:/iti/01-avr/imt_sdk_win_64/winavr/bin/../lib/gcc/avr/4.3.3/avr5\libgcc.a(_sf_to_si.o)
 .debug_loc     0x00002072      0x13e e:/iti/01-avr/imt_sdk_win_64/winavr/bin/../lib/gcc/avr/4.3.3/avr5\libgcc.a(_pack_sf.o)
 .debug_loc     0x000021b0       0xac e:/iti/01-avr/imt_sdk_win_64/winavr/bin/../lib/gcc/avr/4.3.3/avr5\libgcc.a(_unpack_sf.o)
 .debug_loc     0x0000225c       0x50 e:/iti/01-avr/imt_sdk_win_64/winavr/bin/../lib/gcc/avr/4.3.3/avr5\libgcc.a(_fpcmp_parts_sf.o)

.debug_macinfo
 *(.debug_macinfo)
OUTPUT(SmartHome.elf elf32-avr)
LOAD linker stubs

.debug_ranges   0x00000000       0x80
 .debug_ranges  0x00000000       0x18 e:/iti/01-avr/imt_sdk_win_64/winavr/bin/../lib/gcc/avr/4.3.3/avr5\libgcc.a(_udivdi3.o)
 .debug_ranges  0x00000018       0x18 e:/iti/01-avr/imt_sdk_win_64/winavr/bin/../lib/gcc/avr/4.3.3/avr5\libgcc.a(_umoddi3.o)
 .debug_ranges  0x00000030       0x50 e:/iti/01-avr/imt_sdk_win_64/winavr/bin/../lib/gcc/avr/4.3.3/avr5\libgcc.a(_mul_sf.o)
